// Jest Snapshot v1, https://goo.gl/fbAQLP

exports[`Render HomePage Matches the snapshot 1`] = `
<div
  className="css-m2yuc3"
>
  Home page
</div>
`;
